# CVS $Revision$ $Author$ -- Tue Dec 15 01:48:08 2015 -- reformated by PCGen PrettyLST v6.06.00
SOURCELONG:The Anicruian Codex	SOURCESHORT:ACX	SOURCEWEB:https://puddle.zone/sera	SOURCEDATE:2019-04
#Source version α-190417

# Blank Race Template
# The XXX is the Race Name
#	XXX
#	KEY:XXX
#	SORTKEY:XXX
#	SIZE:M
#	SOURCEPAGE:p.
#	RACETYPE:yyy
#	MONSTERCLASS:yyy:0
#	TYPE:yyy
#	RACESUBTYPE:zzz
#	MOVE:Walk,0
#	BONUS:VAR|Manueverability|0
#	BONUS:VAR|AC_Natural_Armor|0|TYPE=Base
#	FACE:5
#	REACH:5
#	LEGS:2
#	HANDS:2
#	STARTFEATS:1			// Only if the race gains feats
#	NATURALATTACKS:Claw,Natural.Melee.Weapon,*1,1d4
#	NATURALATTACKS:Bite,Natural.Melee.Weapon,*1,1d6
#OR	NATURALATTACKS:Claw,Natural.Melee.Weapon,*1,1d4|Bite,Natural.Melee.Weapon,*1,1d6
#OR	ABILITY:Internal|AUTOMATIC|Bite|Claw
#	BONUS:STAT|STR|0
#	BONUS:STAT|DEX|0
#	BONUS:STAT|CON|0
#	BONUS:STAT|INT|0
#	BONUS:STAT|WIS|0
#	BONUS:STAT|CHA|0
#	ABILITY:Internal|AUTOMATIC|Racial Traits ~ XXX
#	CR:0
#	LEVELADJUSTMENT:0			//Only for systems where ECL/Level Adjustments are used.
#	KIT:1|XXX Default
#	HITDICEADVANCEMENT:0		//Only for systems where HD and size are set progression.
#	FACT:IsPC|True			//6.05.03 or higher only!



#Canids (The Anicruian Codex, pg 3-5)
Canids	KEY:Canids	SOURCEPAGE:3-5	FACE:5	HANDS:2	AUTO:LANG|Common.Canid	LEGS:2	RACESUBTYPE:Canid	RACETYPE:Humanoid	REACH:5	SIZE:M	BONUS:STAT|STR|2	BONUS:STAT|DEX|2	BONUS:STAT|CON|-2	BONUS:STAT|INT|0	BONUS:STAT|WIS|2	BONUS:STAT|CHA|0	NATURALATTACKS:Bite,Natural.Melee.Weapon,*1,1d4	FACT:IsPC|True


#yyy
#SOURCEPAGE:p.
#KEY:xxx (yyy)
#SORTKEY:xxx
#MONSTERCLASS:zzz:
#RACETYPE:zzz
#TYPE:zzz
#RACESUBTYPE:xyz
#MOVE:
#FACE:
#REACH:
#BONUS:COMBAT|AC|xxy|TYPE=NaturalArmor
#BONUS:STAT|STR|
#BONUS:STAT|DEX|
#BONUS:STAT|CON|
#BONUS:STAT|INT|
#BONUS:STAT|WIS|
#BONUS:STAT|CHA|
#KIT:1|yyy Default
#ABILITY:Internal|AUTOMATIC|Race Traits ~ yyy
#LANGBONUS:
#AUTO:LANG|

#yyy = Name of the Creature
#xxx = Group *(Demon, Devil, Herd Animal, etc)*
#zzz = Monster Type (Humanoid, Aberration, etc.)
#xyz = RACESUBTYPEs if applicable
#xxy = Number, great for double click selection to enter the number (Trust me)
