# Wed Sep 11 23:25:20 2019 -- reformated by PCGen PrettyLST v6.08.00
SOURCELONG:My Pathfinder Campaign	SOURCESHORT:MPC	SOURCEWEB:http://www.mpcwebsite.com	SOURCEDATE:2008-01

RACENAME:Akaimimi%	SEX:Male[BASEHT:58|HTDIEROLL:2d8|BASEWT:120|WTDIEROLL:2d10|TOTALWT:BASEWT+(WTDIEROLL*5)]Female[BASEHT:53|HTDIEROLL:2d8|BASEWT:85|WTDIEROLL:2d10|TOTALWT:BASEWT+(WTDIEROLL*5)]
RACENAME:Araiguma%	SEX:Male[BASEHT:45|HTDIEROLL:2d8|BASEWT:100|WTDIEROLL:2d8|TOTALWT:BASEWT+(WTDIEROLL*2)]Female[BASEHT:43|HTDIEROLL:2d8|BASEWT:90|WTDIEROLL:2d10|TOTALWT:BASEWT+(WTDIEROLL*5)]
RACENAME:Inumimi%		SEX:Male[BASEHT:58|HTDIEROLL:2d8|BASEWT:120|WTDIEROLL:2d10|TOTALWT:BASEWT+(WTDIEROLL*5)]Female[BASEHT:53|HTDIEROLL:2d8|BASEWT:85|WTDIEROLL:2d10|TOTALWT:BASEWT+(WTDIEROLL*5)]
RACENAME:Kitsunemimi%	SEX:Male[BASEHT:58|HTDIEROLL:2d8|BASEWT:120|WTDIEROLL:2d10|TOTALWT:BASEWT+(WTDIEROLL*5)]Female[BASEHT:53|HTDIEROLL:2d8|BASEWT:85|WTDIEROLL:2d10|TOTALWT:BASEWT+(WTDIEROLL*5)]
RACENAME:Nekomimi%	SEX:Male[BASEHT:58|HTDIEROLL:2d8|BASEWT:120|WTDIEROLL:2d10|TOTALWT:BASEWT+(WTDIEROLL*5)]Female[BASEHT:53|HTDIEROLL:2d8|BASEWT:85|WTDIEROLL:2d10|TOTALWT:BASEWT+(WTDIEROLL*5)]
RACENAME:Tanukimimi%	SEX:Male[BASEHT:58|HTDIEROLL:2d8|BASEWT:120|WTDIEROLL:2d10|TOTALWT:BASEWT+(WTDIEROLL*5)]Female[BASEHT:53|HTDIEROLL:2d8|BASEWT:85|WTDIEROLL:2d6|TOTALWT:BASEWT+(WTDIEROLL*2)]
RACENAME:Usagimimi%	SEX:Male[BASEHT:58|HTDIEROLL:2d8|BASEWT:120|WTDIEROLL:2d10|TOTALWT:BASEWT+(WTDIEROLL*5)]Female[BASEHT:53|HTDIEROLL:2d8|BASEWT:85|WTDIEROLL:2d10|TOTALWT:BASEWT+(WTDIEROLL*5)]
