SOURCELONG:Moe Races	SOURCESHORT:AMR	SOURCEWEB:https://amoragame.com	SOURCEDATE:2011-01

Racial Traits ~ Akaimimi			CATEGORY:Internal																																				SOURCEPAGE:p.4
CATEGORY=Internal|Racial Traits ~ Akaimimi.MOD		DEFINE:Akaimimi_ReplaceAbilityScores|0		ABILITY:Akaimimi Racial Trait|AUTOMATIC|Akaimimi ~ Ability Scores|PREVAREQ:Akaimimi_ReplaceAbilityScores,0
CATEGORY=Internal|Racial Traits ~ Akaimimi.MOD		DEFINE:Akaimimi_ReplaceType|0				ABILITY:Akaimimi Racial Trait|AUTOMATIC|Akaimimi ~ Type|PREVAREQ:Akaimimi_ReplaceType,0
CATEGORY=Internal|Racial Traits ~ Akaimimi.MOD		DEFINE:Akaimimi_ReplaceSize|0				ABILITY:Akaimimi Racial Trait|AUTOMATIC|Akaimimi ~ Size|PREVAREQ:Akaimimi_ReplaceSize,0
CATEGORY=Internal|Racial Traits ~ Akaimimi.MOD		DEFINE:Akaimimi_ReplaceSpeed|0				ABILITY:Akaimimi Racial Trait|AUTOMATIC|Akaimimi ~ Speed|PREVAREQ:Akaimimi_ReplaceSpeed,0
CATEGORY=Internal|Racial Traits ~ Akaimimi.MOD		DEFINE:Akaimimi_ReplaceVision|0			ABILITY:Akaimimi Racial Trait|AUTOMATIC|Akaimimi ~ Vision|PREVAREQ:Akaimimi_ReplaceVision,0
CATEGORY=Internal|Racial Traits ~ Akaimimi.MOD		DEFINE:Akaimimi_ReplaceRacialSkills|0	ABILITY:Akaimimi Racial Trait|AUTOMATIC|Akaimimi ~ Racial Skills|PREVAREQ:Akaimimi_ReplaceRacialSkills,0
CATEGORY=Internal|Racial Traits ~ Akaimimi.MOD		DEFINE:Akaimimi_ReplaceRedPandaAffinity|0		ABILITY:Akaimimi Racial Trait|AUTOMATIC|Akaimimi ~ Red Panda Affinity|PREVAREQ:Akaimimi_ReplaceRedPandaAffinity,0
CATEGORY=Internal|Racial Traits ~ Akaimimi.MOD		DEFINE:Akaimimi_ReplaceInsightfulQuestion|0				ABILITY:Akaimimi Racial Trait|AUTOMATIC|Akaimimi ~ Insightful Question|PREVAREQ:Akaimimi_ReplaceInsightfulQuestion,0
CATEGORY=Internal|Racial Traits ~ Akaimimi.MOD		DEFINE:Akaimimi_ReplaceLanguages|0			ABILITY:Akaimimi Racial Trait|AUTOMATIC|Akaimimi ~ Languages|PREVAREQ:Akaimimi_ReplaceLanguages,0

+2 Constitution, +2 Wisdom								KEY:Akaimimi ~ Ability Scores	CATEGORY:Special Ability	TYPE:RacialTraits.Akaimimi Racial Trait.Racial Ability Scores														DESC:Akaimimi try to keep both their bodies and their spirits resilient and healthy.																																							BONUS:STAT|CON|2|TYPE=Racial	BONUS:STAT|WIS|2|TYPE=Racial						SOURCEPAGE:p.4
Akaimimi												KEY:Akaimimi ~ Type				CATEGORY:Special Ability	TYPE:RacialTraits.Akaimimi Racial Trait.Akaimimi Racial Default.Racial Type											DESC:Akaimimis are humanoids with the Kemonomimi subtype.																																																								SOURCEPAGE:p.4
Medium													KEY:Akaimimi ~ Size				CATEGORY:Special Ability	TYPE:RacialTraits.Akaimimi Racial Trait.Akaimimi Racial Default.Racial Size											DESC:Akaimimis are Medium creatures and have no bonuses or penalties due to their size.																																																	SOURCEPAGE:p.4
Normal Speed											KEY:Akaimimi ~ Speed			CATEGORY:Special Ability	TYPE:RacialTraits.Akaimimi Racial Trait.Akaimimi Racial Default.Racial Speed										DESC:Akaimimis have a base speed of 30 feet.																																																											SOURCEPAGE:p.4
Low-Light Vision										KEY:Akaimimi ~ Vision			CATEGORY:Special Ability	TYPE:RacialTraits.Akaimimi Racial Trait.Akaimimi Racial Default.SpecialQuality.Extraordinary.Racial Vision.Vision	DESC:Akaimimis can see twice as far as humans in conditions of dim light.																															VISION:Low-Light Vision																SOURCEPAGE:p.4			ASPECT:Vision|Low-Light Vision
Racial Skills											KEY:Akaimimi ~ Racial Skills	CATEGORY:Special Ability	TYPE:RacialTraits.Akaimimi Racial Trait.Akaimimi Racial Default.SpecialQuality										DESC:Akaimimi have a +2 racial bonus to Knowledge checks.  They are sagacious folk, with great respect for learning.												BONUS:SKILL|TYPE.Knowledge|2|TYPE=Racial			SOURCEPAGE:p.4
Red Panda Affinity											KEY:Akaimimi ~ Red Panda Affinity		CATEGORY:Special Ability	TYPE:RacialTraits.Akaimimi Racial Trait.Akaimimi Racial Default.SpecialQuality										DESC:Akaimimi have a +4 racial bonus to Handle Animal and wild empathy checks made to interact with red pandas and similar beasts.  All kemonomimi have affinity for their animal kin.					BONUS:SITUATION|Handle Animal=red pandas and similar beasts|4|TYPE=Racial					SOURCEPAGE:p.4
Insightful Question										KEY:Akaimimi ~ Insightful Question	CATEGORY:Special Ability	TYPE:RacialTraits.Akaimimi Racial Trait.Akaimimi Racial Default.SpecialQuality										DESC:Akaimimi often use their intuation to reach answers to their question.  They can use augury once per day as a spell-like ability.  Akaimimi with ki pool can spend two ki points to use it additional times per day.  After reaching 10th level, akaimimi can also use divination once per week.		SPELLS:Innate|TIMES=1|CASTERLEVEL=(max(TL,1))|Augury		SPELLS:Innate|TIMES=1|TIMEUNIT=Week|CASTERLEVEL=(max(TL,1))|Divination|PRELEVEL:MIN=10																																																							SOURCEPAGE:p.4
Languages												KEY:Akaimimi ~ Languages		CATEGORY:Special Ability	TYPE:RacialTraits.Akaimimi Racial Trait.Akaimimi Racial Default.Racial Language										DESC:Kemonomimi begin playing speaking Common and Sylvan.  Kemonomimi with high Intelligence scores can choose from the following languages: Catfolk, Celestial, Giant, Goblin, Tengu, and Vanara.		TEMPLATE:Race Bonus Language ~ Catfolk|Race Bonus Language ~ Celestial|Race Bonus Language ~ Giant|Race Bonus Language ~ Goblin|Race Bonus Language ~ Tengu|Race Bonus Language ~ Vanaran		AUTO:LANG|Common|Sylvan	SOURCEPAGE:p.5

Racial Traits ~ Araiguma			CATEGORY:Internal																																				SOURCEPAGE:p.5
CATEGORY=Internal|Racial Traits ~ Araiguma.MOD		DEFINE:Araiguma_ReplaceAbilityScores|0		ABILITY:Araiguma Racial Trait|AUTOMATIC|Araiguma ~ Ability Scores|PREVAREQ:Araiguma_ReplaceAbilityScores,0
CATEGORY=Internal|Racial Traits ~ Araiguma.MOD		DEFINE:Araiguma_ReplaceType|0				ABILITY:Araiguma Racial Trait|AUTOMATIC|Araiguma ~ Type|PREVAREQ:Araiguma_ReplaceType,0
CATEGORY=Internal|Racial Traits ~ Araiguma.MOD		DEFINE:Araiguma_ReplaceSize|0				ABILITY:Araiguma Racial Trait|AUTOMATIC|Araiguma ~ Size|PREVAREQ:Araiguma_ReplaceSize,0
CATEGORY=Internal|Racial Traits ~ Araiguma.MOD		DEFINE:Araiguma_ReplaceSpeed|0				ABILITY:Araiguma Racial Trait|AUTOMATIC|Araiguma ~ Speed|PREVAREQ:Araiguma_ReplaceSpeed,0
CATEGORY=Internal|Racial Traits ~ Araiguma.MOD		DEFINE:Araiguma_ReplaceVision|0			ABILITY:Araiguma Racial Trait|AUTOMATIC|Araiguma ~ Vision|PREVAREQ:Araiguma_ReplaceVision,0
CATEGORY=Internal|Racial Traits ~ Araiguma.MOD		DEFINE:Araiguma_ReplaceRacialSkills|0	ABILITY:Araiguma Racial Trait|AUTOMATIC|Araiguma ~ Racial Skills|PREVAREQ:Araiguma_ReplaceRacialSkills,0
CATEGORY=Internal|Racial Traits ~ Araiguma.MOD		DEFINE:Araiguma_ReplaceCoonAffinity|0		ABILITY:Araiguma Racial Trait|AUTOMATIC|Araiguma ~ Coon Affinity|PREVAREQ:Araiguma_ReplaceCoonAffinity,0
CATEGORY=Internal|Racial Traits ~ Araiguma.MOD		DEFINE:Araiguma_ReplaceDowsing|0				ABILITY:Araiguma Racial Trait|AUTOMATIC|Araiguma ~ Dowsing|PREVAREQ:Araiguma_ReplaceDowsing,0
CATEGORY=Internal|Racial Traits ~ Araiguma.MOD		DEFINE:Araiguma_ReplaceLanguages|0			ABILITY:Araiguma Racial Trait|AUTOMATIC|Araiguma ~ Languages|PREVAREQ:Araiguma_ReplaceLanguages,0

+2 Constitution, +2 Intelligence								KEY:Araiguma ~ Ability Scores	CATEGORY:Special Ability	TYPE:RacialTraits.Araiguma Racial Trait.Racial Ability Scores														DESC:Araiguma are very hardy and very cunning																																							BONUS:STAT|CON|2|TYPE=Racial	BONUS:STAT|INT|2|TYPE=Racial						SOURCEPAGE:p.5
Araiguma												KEY:Araiguma ~ Type				CATEGORY:Special Ability	TYPE:RacialTraits.Araiguma Racial Trait.Araiguma Racial Default.Racial Type											DESC:Araigumas are humanoids with the Kemonomimi subtype.																																																								SOURCEPAGE:p.5
Medium													KEY:Araiguma ~ Size				CATEGORY:Special Ability	TYPE:RacialTraits.Araiguma Racial Trait.Araiguma Racial Default.Racial Size											DESC:Araigumas are Medium creatures and have no bonuses or penalties due to their size.																																																	SOURCEPAGE:p.5
Normal Speed											KEY:Araiguma ~ Speed			CATEGORY:Special Ability	TYPE:RacialTraits.Araiguma Racial Trait.Araiguma Racial Default.Racial Speed										DESC:Araigumas have a base speed of 30 feet.																																																											SOURCEPAGE:p.5
Low-Light Vision										KEY:Araiguma ~ Vision			CATEGORY:Special Ability	TYPE:RacialTraits.Araiguma Racial Trait.Araiguma Racial Default.SpecialQuality.Extraordinary.Racial Vision.Vision	DESC:Araigumas can see twice as far as humans in conditions of dim light.																															VISION:Low-Light Vision																SOURCEPAGE:p.5			ASPECT:Vision|Low-Light Vision
Racial Skills											KEY:Araiguma ~ Racial Skills	CATEGORY:Special Ability	TYPE:RacialTraits.Araiguma Racial Trait.Araiguma Racial Default.SpecialQuality										DESC:Araiguma have a +2 racial bonus Disable Device and Sleight of Hand checks.  They're much sneakier and mechanically inclined than their chubby bodies would suggest.												BONUS:SKILL|Disable Device|2|TYPE=Racial		BONUS:SKILL|Sleight Of Hand|2|TYPE=Racial			SOURCEPAGE:p.5
Coon Affinity											KEY:Araiguma ~ Coon Affinity		CATEGORY:Special Ability	TYPE:RacialTraits.Araiguma Racial Trait.Araiguma Racial Default.SpecialQuality										DESC:Araiguma have a +4 racial bonus to Handle Animal and wild empathy checks made to interact with racoons and other similar Small or smaller omnivorous animals.  All kemonomimi have affinity for their animal kin.					BONUS:SITUATION|Handle Animal=racoons and small omnivores|4|TYPE=Racial					SOURCEPAGE:p.5
Dowsing										KEY:Araiguma ~ Dowsing	CATEGORY:Special Ability	TYPE:RacialTraits.Araiguma Racial Trait.Araiguma Racial Default.SpecialQuality										DESC:Araiguma seem to have a certain degree of affinity for fresh water.  They can sense the presence of the nearest source of fresh water such as a spring, a stram, a pond, a lake, or a well as if using a locate object spell, though they must concentrate to maintain the effect.  An araiguma can purify food (but not water) as if using purify food and water by washing it in running water.																																																							SOURCEPAGE:p.5
Languages												KEY:Araiguma ~ Languages		CATEGORY:Special Ability	TYPE:RacialTraits.Araiguma Racial Trait.Araiguma Racial Default.Racial Language										DESC:Kemonomimi begin playing speaking Common and Sylvan.  Kemonomimi with high Intelligence scores can choose from the following languages: Catfolk, Celestial, Giant, Goblin, Tengu, and Vanara.		TEMPLATE:Race Bonus Language ~ Catfolk|Race Bonus Language ~ Celestial|Race Bonus Language ~ Giant|Race Bonus Language ~ Goblin|Race Bonus Language ~ Tengu|Race Bonus Language ~ Vanaran		AUTO:LANG|Common|Sylvan	SOURCEPAGE:p.5

Racial Traits ~ Inumimi			CATEGORY:Internal																																				SOURCEPAGE:p.5
CATEGORY=Internal|Racial Traits ~ Inumimi.MOD		DEFINE:Inumimi_ReplaceAbilityScores|0		ABILITY:Inumimi Racial Trait|AUTOMATIC|Inumimi ~ Ability Scores|PREVAREQ:Inumimi_ReplaceAbilityScores,0
CATEGORY=Internal|Racial Traits ~ Inumimi.MOD		DEFINE:Inumimi_ReplaceType|0				ABILITY:Inumimi Racial Trait|AUTOMATIC|Inumimi ~ Type|PREVAREQ:Inumimi_ReplaceType,0
CATEGORY=Internal|Racial Traits ~ Inumimi.MOD		DEFINE:Inumimi_ReplaceSize|0				ABILITY:Inumimi Racial Trait|AUTOMATIC|Inumimi ~ Size|PREVAREQ:Inumimi_ReplaceSize,0
CATEGORY=Internal|Racial Traits ~ Inumimi.MOD		DEFINE:Inumimi_ReplaceSpeed|0				ABILITY:Inumimi Racial Trait|AUTOMATIC|Inumimi ~ Speed|PREVAREQ:Inumimi_ReplaceSpeed,0
CATEGORY=Internal|Racial Traits ~ Inumimi.MOD		DEFINE:Inumimi_ReplaceVision|0			ABILITY:Inumimi Racial Trait|AUTOMATIC|Inumimi ~ Vision|PREVAREQ:Inumimi_ReplaceVision,0
CATEGORY=Internal|Racial Traits ~ Inumimi.MOD		DEFINE:Inumimi_ReplaceRacialSkills|0	ABILITY:Inumimi Racial Trait|AUTOMATIC|Inumimi ~ Racial Skills|PREVAREQ:Inumimi_ReplaceRacialSkills,0
CATEGORY=Internal|Racial Traits ~ Inumimi.MOD		DEFINE:Inumimi_ReplaceCanineAffinity|0		ABILITY:Inumimi Racial Trait|AUTOMATIC|Inumimi ~ Canine Affinity|PREVAREQ:Inumimi_ReplaceCanineAffinity,0
CATEGORY=Internal|Racial Traits ~ Inumimi.MOD		DEFINE:Inumimi_ReplaceRepelMisfortune|0				ABILITY:Inumimi Racial Trait|AUTOMATIC|Inumimi ~ Repel Misfortune|PREVAREQ:Inumimi_ReplaceRepelMisfortune,0
CATEGORY=Internal|Racial Traits ~ Inumimi.MOD		DEFINE:Inumimi_ReplaceLanguages|0			ABILITY:Inumimi Racial Trait|AUTOMATIC|Inumimi ~ Languages|PREVAREQ:Inumimi_ReplaceLanguages,0

+2 Strength, +2 Wisdom								KEY:Inumimi ~ Ability Scores	CATEGORY:Special Ability	TYPE:RacialTraits.Inumimi Racial Trait.Racial Ability Scores														DESC:Inumimi are strong and deeply spiritual folk.																																							BONUS:STAT|STR|2|TYPE=Racial	BONUS:STAT|WIS|2|TYPE=Racial						SOURCEPAGE:p.6
Inumimi												KEY:Inumimi ~ Type				CATEGORY:Special Ability	TYPE:RacialTraits.Inumimi Racial Trait.Inumimi Racial Default.Racial Type											DESC:Inumimis are humanoids with the Kemonomimi subtype.																																																								SOURCEPAGE:p.6
Medium													KEY:Inumimi ~ Size				CATEGORY:Special Ability	TYPE:RacialTraits.Inumimi Racial Trait.Inumimi Racial Default.Racial Size											DESC:Inumimis are Medium creatures and have no bonuses or penalties due to their size.																																																	SOURCEPAGE:p.6
Normal Speed											KEY:Inumimi ~ Speed			CATEGORY:Special Ability	TYPE:RacialTraits.Inumimi Racial Trait.Inumimi Racial Default.Racial Speed										DESC:Inumimis have a base speed of 30 feet.																																																											SOURCEPAGE:p.6
Low-Light Vision										KEY:Inumimi ~ Vision			CATEGORY:Special Ability	TYPE:RacialTraits.Inumimi Racial Trait.Inumimi Racial Default.SpecialQuality.Extraordinary.Racial Vision.Vision	DESC:Inumimis can see twice as far as humans in conditions of dim light.																															VISION:Low-Light Vision																SOURCEPAGE:p.6			ASPECT:Vision|Low-Light Vision
Racial Skills											KEY:Inumimi ~ Racial Skills	CATEGORY:Special Ability	TYPE:RacialTraits.Inumimi Racial Trait.Inumimi Racial Default.SpecialQuality										DESC:Inumimi have a +2 racial bonus to Handle Animal and Survival skill checks.  They have a natural aptitude for taming animals, hunting, and tracking												BONUS:SKILL|Handle Animal|2|TYPE=Racial		BONUS:SKILL|Survival|2|TYPE=Racial			SOURCEPAGE:p.6
Canine Affinity											KEY:Inumimi ~ Canine Affinity		CATEGORY:Special Ability	TYPE:RacialTraits.Inumimi Racial Trait.Inumimi Racial Default.SpecialQuality										DESC:Inumimi have a +4 racial bonus to Handle Animal and wild empathy checks made to interact with dogs, wolves and other dog-like beasts.  All kemonomimi have affinity for their animal kin.					BONUS:SITUATION|Handle Animal=dogs and wolves|4|TYPE=Racial					SOURCEPAGE:p.6
Repel Misfortune										KEY:Inumimi ~ Repel Misfortune	CATEGORY:Special Ability	TYPE:RacialTraits.Inumimi Racial Trait.Inumimi Racial Default.SpecialQuality										DESC:Dog-spirits are traditional guardians against malign magic and so are their mortal descendants.  Inumimi have a +2 racial bonus to saving throws against curses and they grant the same bonus to adjacent allies, though bonus granted by multiple inumimi does not stack.																																																							SOURCEPAGE:p.6		ASPECT:SaveBonus|+2 vs. curses
Languages												KEY:Inumimi ~ Languages		CATEGORY:Special Ability	TYPE:RacialTraits.Inumimi Racial Trait.Inumimi Racial Default.Racial Language										DESC:Kemonomimi begin playing speaking Common and Sylvan.  Kemonomimi with high Intelligence scores can choose from the following languages: Catfolk, Celestial, Giant, Goblin, Tengu, and Vanara.		TEMPLATE:Race Bonus Language ~ Catfolk|Race Bonus Language ~ Celestial|Race Bonus Language ~ Giant|Race Bonus Language ~ Goblin|Race Bonus Language ~ Tengu|Race Bonus Language ~ Vanaran		AUTO:LANG|Common|Sylvan	SOURCEPAGE:p.6

Racial Traits ~ Kitsunemimi			CATEGORY:Internal																																				SOURCEPAGE:p.5
CATEGORY=Internal|Racial Traits ~ Kitsunemimi.MOD		DEFINE:Kitsunemimi_ReplaceAbilityScores|0		ABILITY:Kitsunemimi Racial Trait|AUTOMATIC|Kitsunemimi ~ Ability Scores|PREVAREQ:Kitsunemimi_ReplaceAbilityScores,0
CATEGORY=Internal|Racial Traits ~ Kitsunemimi.MOD		DEFINE:Kitsunemimi_ReplaceType|0				ABILITY:Kitsunemimi Racial Trait|AUTOMATIC|Kitsunemimi ~ Type|PREVAREQ:Kitsunemimi_ReplaceType,0
CATEGORY=Internal|Racial Traits ~ Kitsunemimi.MOD		DEFINE:Kitsunemimi_ReplaceSize|0				ABILITY:Kitsunemimi Racial Trait|AUTOMATIC|Kitsunemimi ~ Size|PREVAREQ:Kitsunemimi_ReplaceSize,0
CATEGORY=Internal|Racial Traits ~ Kitsunemimi.MOD		DEFINE:Kitsunemimi_ReplaceSpeed|0				ABILITY:Kitsunemimi Racial Trait|AUTOMATIC|Kitsunemimi ~ Speed|PREVAREQ:Kitsunemimi_ReplaceSpeed,0
CATEGORY=Internal|Racial Traits ~ Kitsunemimi.MOD		DEFINE:Kitsunemimi_ReplaceVision|0			ABILITY:Kitsunemimi Racial Trait|AUTOMATIC|Kitsunemimi ~ Vision|PREVAREQ:Kitsunemimi_ReplaceVision,0
CATEGORY=Internal|Racial Traits ~ Kitsunemimi.MOD		DEFINE:Kitsunemimi_ReplaceRacialSkills|0	ABILITY:Kitsunemimi Racial Trait|AUTOMATIC|Kitsunemimi ~ Racial Skills|PREVAREQ:Kitsunemimi_ReplaceRacialSkills,0
CATEGORY=Internal|Racial Traits ~ Kitsunemimi.MOD		DEFINE:Kitsunemimi_ReplaceFoxAffinity|0		ABILITY:Kitsunemimi Racial Trait|AUTOMATIC|Kitsunemimi ~ Fox Affinity|PREVAREQ:Kitsunemimi_ReplaceFoxAffinity,0
CATEGORY=Internal|Racial Traits ~ Kitsunemimi.MOD		DEFINE:Kitsunemimi_ReplacePatientPlanner|0				ABILITY:Kitsunemimi Racial Trait|AUTOMATIC|Kitsunemimi ~ Patient Planner|PREVAREQ:Kitsunemimi_ReplacePatientPlanner,0
CATEGORY=Internal|Racial Traits ~ Kitsunemimi.MOD		DEFINE:Kitsunemimi_ReplaceLanguages|0			ABILITY:Kitsunemimi Racial Trait|AUTOMATIC|Kitsunemimi ~ Languages|PREVAREQ:Kitsunemimi_ReplaceLanguages,0

+2 Dexterity, +2 Intelligence								KEY:Kitsunemimi ~ Ability Scores	CATEGORY:Special Ability	TYPE:RacialTraits.Kitsunemimi Racial Trait.Racial Ability Scores														DESC:Kitsunemimi are gracious and smart.																																							BONUS:STAT|DEX|2|TYPE=Racial	BONUS:STAT|INT|2|TYPE=Racial						SOURCEPAGE:p.7
Kitsunemimi												KEY:Kitsunemimi ~ Type				CATEGORY:Special Ability	TYPE:RacialTraits.Kitsunemimi Racial Trait.Kitsunemimi Racial Default.Racial Type											DESC:Kitsunemimis are humanoids with the Kemonomimi subtype.																																																								SOURCEPAGE:p.7
Medium													KEY:Kitsunemimi ~ Size				CATEGORY:Special Ability	TYPE:RacialTraits.Kitsunemimi Racial Trait.Kitsunemimi Racial Default.Racial Size											DESC:Kitsunemimis are Medium creatures and have no bonuses or penalties due to their size.																																																	SOURCEPAGE:p.7
Normal Speed											KEY:Kitsunemimi ~ Speed			CATEGORY:Special Ability	TYPE:RacialTraits.Kitsunemimi Racial Trait.Kitsunemimi Racial Default.Racial Speed										DESC:Kitsunemimis have a base speed of 30 feet.																																																											SOURCEPAGE:p.7
Low-Light Vision										KEY:Kitsunemimi ~ Vision			CATEGORY:Special Ability	TYPE:RacialTraits.Kitsunemimi Racial Trait.Kitsunemimi Racial Default.SpecialQuality.Extraordinary.Racial Vision.Vision	DESC:Kitsunemimis can see twice as far as humans in conditions of dim light.																															VISION:Low-Light Vision																SOURCEPAGE:p.7			ASPECT:Vision|Low-Light Vision
Racial Skills											KEY:Kitsunemimi ~ Racial Skills	CATEGORY:Special Ability	TYPE:RacialTraits.Kitsunemimi Racial Trait.Kitsunemimi Racial Default.SpecialQuality										DESC:Kitsunemimi have a +2 racial bonus to Perception and Sense Motive skill checks.  They have a keen eye for physical and behavioral details.												BONUS:SKILL|Perception|2|TYPE=Racial		BONUS:SKILL|Sense Motive|2|TYPE=Racial			SOURCEPAGE:p.7
Fox Affinity											KEY:Kitsunemimi ~ Fox Affinity		CATEGORY:Special Ability	TYPE:RacialTraits.Kitsunemimi Racial Trait.Kitsunemimi Racial Default.SpecialQuality										DESC:Kitsunemimi have a +4 racial bonus to Handle Animal and wild empathy checks made to interact with foxes, jackals and other smaller non-pack canids and fox-like beasts.  All kemonomimi have affinity for their animal kin.					BONUS:SITUATION|Handle Animal=foxes and jackals|4|TYPE=Racial					SOURCEPAGE:p.7
Patient Planner										KEY:Kitsunemimi ~ Patient Planner	CATEGORY:Special Ability	TYPE:RacialTraits.Kitsunemimi Racial Trait.Kitsunemimi Racial Default.SpecialQuality										DESC:Kitsunemimi gain +1 bonus when taking 10 on an ability or skill check and +2 bonus when taking 20.  Patience and smart planning are the key for their elaborate schemes.																																																							SOURCEPAGE:p.7
Languages												KEY:Kitsunemimi ~ Languages		CATEGORY:Special Ability	TYPE:RacialTraits.Kitsunemimi Racial Trait.Kitsunemimi Racial Default.Racial Language										DESC:Kemonomimi begin playing speaking Common and Sylvan.  Kemonomimi with high Intelligence scores can choose from the following languages: Catfolk, Celestial, Giant, Goblin, Tengu, and Vanara.		TEMPLATE:Race Bonus Language ~ Catfolk|Race Bonus Language ~ Celestial|Race Bonus Language ~ Giant|Race Bonus Language ~ Goblin|Race Bonus Language ~ Tengu|Race Bonus Language ~ Vanaran		AUTO:LANG|Common|Sylvan	SOURCEPAGE:p.7

Racial Traits ~ Nekomimi			CATEGORY:Internal																																				SOURCEPAGE:p.8
CATEGORY=Internal|Racial Traits ~ Nekomimi.MOD		DEFINE:Nekomimi_ReplaceAbilityScores|0		ABILITY:Nekomimi Racial Trait|AUTOMATIC|Nekomimi ~ Ability Scores|PREVAREQ:Nekomimi_ReplaceAbilityScores,0
CATEGORY=Internal|Racial Traits ~ Nekomimi.MOD		DEFINE:Nekomimi_ReplaceType|0				ABILITY:Nekomimi Racial Trait|AUTOMATIC|Nekomimi ~ Type|PREVAREQ:Nekomimi_ReplaceType,0
CATEGORY=Internal|Racial Traits ~ Nekomimi.MOD		DEFINE:Nekomimi_ReplaceSize|0				ABILITY:Nekomimi Racial Trait|AUTOMATIC|Nekomimi ~ Size|PREVAREQ:Nekomimi_ReplaceSize,0
CATEGORY=Internal|Racial Traits ~ Nekomimi.MOD		DEFINE:Nekomimi_ReplaceSpeed|0				ABILITY:Nekomimi Racial Trait|AUTOMATIC|Nekomimi ~ Speed|PREVAREQ:Nekomimi_ReplaceSpeed,0
CATEGORY=Internal|Racial Traits ~ Nekomimi.MOD		DEFINE:Nekomimi_ReplaceVision|0			ABILITY:Nekomimi Racial Trait|AUTOMATIC|Nekomimi ~ Vision|PREVAREQ:Nekomimi_ReplaceVision,0
CATEGORY=Internal|Racial Traits ~ Nekomimi.MOD		DEFINE:Nekomimi_ReplaceRacialSkills|0	ABILITY:Nekomimi Racial Trait|AUTOMATIC|Nekomimi ~ Racial Skills|PREVAREQ:Nekomimi_ReplaceRacialSkills,0
CATEGORY=Internal|Racial Traits ~ Nekomimi.MOD		DEFINE:Nekomimi_ReplaceCatAffinity|0		ABILITY:Nekomimi Racial Trait|AUTOMATIC|Nekomimi ~ Cat Affinity|PREVAREQ:Nekomimi_ReplaceCatAffinity,0
CATEGORY=Internal|Racial Traits ~ Nekomimi.MOD		DEFINE:Nekomimi_ReplaceFortuneFavored|0				ABILITY:Nekomimi Racial Trait|AUTOMATIC|Nekomimi ~ Fortune Favored|PREVAREQ:Nekomimi_ReplaceFortuneFavored,0
CATEGORY=Internal|Racial Traits ~ Nekomimi.MOD		DEFINE:Nekomimi_ReplaceLanguages|0			ABILITY:Nekomimi Racial Trait|AUTOMATIC|Nekomimi ~ Languages|PREVAREQ:Nekomimi_ReplaceLanguages,0

+2 Dexterity, +2 Charisma								KEY:Nekomimi ~ Ability Scores	CATEGORY:Special Ability	TYPE:RacialTraits.Nekomimi Racial Trait.Racial Ability Scores														DESC:Nekomimi are agile and very charming.																																							BONUS:STAT|DEX|2|TYPE=Racial	BONUS:STAT|CHA|2|TYPE=Racial						SOURCEPAGE:p.8
Nekomimi												KEY:Nekomimi ~ Type				CATEGORY:Special Ability	TYPE:RacialTraits.Nekomimi Racial Trait.Nekomimi Racial Default.Racial Type											DESC:Nekomimis are humanoids with the Kemonomimi subtype.																																																								SOURCEPAGE:p.8
Medium													KEY:Nekomimi ~ Size				CATEGORY:Special Ability	TYPE:RacialTraits.Nekomimi Racial Trait.Nekomimi Racial Default.Racial Size											DESC:Nekomimis are Medium creatures and have no bonuses or penalties due to their size.																																																	SOURCEPAGE:p.8
Normal Speed											KEY:Nekomimi ~ Speed			CATEGORY:Special Ability	TYPE:RacialTraits.Nekomimi Racial Trait.Nekomimi Racial Default.Racial Speed										DESC:Nekomimis have a base speed of 30 feet.																																																											SOURCEPAGE:p.8
Low-Light Vision										KEY:Nekomimi ~ Vision			CATEGORY:Special Ability	TYPE:RacialTraits.Nekomimi Racial Trait.Nekomimi Racial Default.SpecialQuality.Extraordinary.Racial Vision.Vision	DESC:Nekomimis can see twice as far as humans in conditions of dim light.																															VISION:Low-Light Vision																SOURCEPAGE:p.8			ASPECT:Vision|Low-Light Vision
Racial Skills											KEY:Nekomimi ~ Racial Skills	CATEGORY:Special Ability	TYPE:RacialTraits.Nekomimi Racial Trait.Nekomimi Racial Default.SpecialQuality										DESC:Nekomimi have a +2 racial bonus to Climb and Perception checks.  They learn to climb almost as soon as they can walk, and they have keen senses.												BONUS:SKILL|Climb|2|TYPE=Racial		BONUS:SKILL|Perception|2|TYPE=Racial			SOURCEPAGE:p.8
Cat Affinity											KEY:Nekomimi ~ Cat Affinity		CATEGORY:Special Ability	TYPE:RacialTraits.Nekomimi Racial Trait.Nekomimi Racial Default.SpecialQuality										DESC:Nekomimi have a +4 racial bonus to Handle Animal and wild empathy checks made to interact with cats and cat-like beasts.  All kemonomimi have affinity for their animal kin.					BONUS:SITUATION|Handle Animal=cat and cat-like beasts|4|TYPE=Racial					SOURCEPAGE:p.8
Fortune's Favored										KEY:Nekomimi ~ Fortune Favored	CATEGORY:Special Ability	TYPE:RacialTraits.Nekomimi Racial Trait.Nekomimi Racial Default.SpecialQuality										DESC:Nekomimi can reroll a single dice roll once per day.																																																								SOURCEPAGE:p.8
Languages												KEY:Nekomimi ~ Languages		CATEGORY:Special Ability	TYPE:RacialTraits.Nekomimi Racial Trait.Nekomimi Racial Default.Racial Language										DESC:Kemonomimi begin playing speaking Common and Sylvan.  Kemonomimi with high Intelligence scores can choose from the following languages: Catfolk, Celestial, Giant, Goblin, Tengu, and Vanara.		TEMPLATE:Race Bonus Language ~ Catfolk|Race Bonus Language ~ Celestial|Race Bonus Language ~ Giant|Race Bonus Language ~ Goblin|Race Bonus Language ~ Tengu|Race Bonus Language ~ Vanaran		AUTO:LANG|Common|Sylvan	SOURCEPAGE:p.8

Racial Traits ~ Tanukimimi			CATEGORY:Internal																																				SOURCEPAGE:p.8
CATEGORY=Internal|Racial Traits ~ Tanukimimi.MOD		DEFINE:Tanukimimi_ReplaceAbilityScores|0		ABILITY:Tanukimimi Racial Trait|AUTOMATIC|Tanukimimi ~ Ability Scores|PREVAREQ:Tanukimimi_ReplaceAbilityScores,0
CATEGORY=Internal|Racial Traits ~ Tanukimimi.MOD		DEFINE:Tanukimimi_ReplaceType|0				ABILITY:Tanukimimi Racial Trait|AUTOMATIC|Tanukimimi ~ Type|PREVAREQ:Tanukimimi_ReplaceType,0
CATEGORY=Internal|Racial Traits ~ Tanukimimi.MOD		DEFINE:Tanukimimi_ReplaceSize|0				ABILITY:Tanukimimi Racial Trait|AUTOMATIC|Tanukimimi ~ Size|PREVAREQ:Tanukimimi_ReplaceSize,0
CATEGORY=Internal|Racial Traits ~ Tanukimimi.MOD		DEFINE:Tanukimimi_ReplaceSpeed|0				ABILITY:Tanukimimi Racial Trait|AUTOMATIC|Tanukimimi ~ Speed|PREVAREQ:Tanukimimi_ReplaceSpeed,0
CATEGORY=Internal|Racial Traits ~ Tanukimimi.MOD		DEFINE:Tanukimimi_ReplaceVision|0			ABILITY:Tanukimimi Racial Trait|AUTOMATIC|Tanukimimi ~ Vision|PREVAREQ:Tanukimimi_ReplaceVision,0
CATEGORY=Internal|Racial Traits ~ Tanukimimi.MOD		DEFINE:Tanukimimi_ReplaceRacialSkills|0	ABILITY:Tanukimimi Racial Trait|AUTOMATIC|Tanukimimi ~ Racial Skills|PREVAREQ:Tanukimimi_ReplaceRacialSkills,0
CATEGORY=Internal|Racial Traits ~ Tanukimimi.MOD		DEFINE:Tanukimimi_ReplaceTanukiAffinity|0		ABILITY:Tanukimimi Racial Trait|AUTOMATIC|Tanukimimi ~ Tanuki Affinity|PREVAREQ:Tanukimimi_ReplaceTanukiAffinity,0
CATEGORY=Internal|Racial Traits ~ Tanukimimi.MOD		DEFINE:Tanukimimi_ReplaceSurprisingTenacity|0				ABILITY:Tanukimimi Racial Trait|AUTOMATIC|Tanukimimi ~ Surprising Tenacity|PREVAREQ:Tanukimimi_ReplaceSurprisingTenacity,0
CATEGORY=Internal|Racial Traits ~ Tanukimimi.MOD		DEFINE:Tanukimimi_ReplaceLanguages|0			ABILITY:Tanukimimi Racial Trait|AUTOMATIC|Tanukimimi ~ Languages|PREVAREQ:Tanukimimi_ReplaceLanguages,0

+2 Constitution, +2 Charisma								KEY:Tanukimimi ~ Ability Scores	CATEGORY:Special Ability	TYPE:RacialTraits.Tanukimimi Racial Trait.Racial Ability Scores														DESC:Tanukimimi are surprisingly resilient and sociable.																																							BONUS:STAT|CON|2|TYPE=Racial	BONUS:STAT|CHA|2|TYPE=Racial						SOURCEPAGE:p.9
Tanukimimi												KEY:Tanukimimi ~ Type				CATEGORY:Special Ability	TYPE:RacialTraits.Tanukimimi Racial Trait.Tanukimimi Racial Default.Racial Type											DESC:Tanukimimis are humanoids with the Kemonomimi subtype.																																																								SOURCEPAGE:p.9
Medium													KEY:Tanukimimi ~ Size				CATEGORY:Special Ability	TYPE:RacialTraits.Tanukimimi Racial Trait.Tanukimimi Racial Default.Racial Size											DESC:Tanukimimis are Medium creatures and have no bonuses or penalties due to their size.																																																	SOURCEPAGE:p.9
Normal Speed											KEY:Tanukimimi ~ Speed			CATEGORY:Special Ability	TYPE:RacialTraits.Tanukimimi Racial Trait.Tanukimimi Racial Default.Racial Speed										DESC:Tanukimimis have a base speed of 30 feet.																																																											SOURCEPAGE:p.9
Low-Light Vision										KEY:Tanukimimi ~ Vision			CATEGORY:Special Ability	TYPE:RacialTraits.Tanukimimi Racial Trait.Tanukimimi Racial Default.SpecialQuality.Extraordinary.Racial Vision.Vision	DESC:Tanukimimis can see twice as far as humans in conditions of dim light.																															VISION:Low-Light Vision																SOURCEPAGE:p.9			ASPECT:Vision|Low-Light Vision
Racial Skills											KEY:Tanukimimi ~ Racial Skills	CATEGORY:Special Ability	TYPE:RacialTraits.Tanukimimi Racial Trait.Tanukimimi Racial Default.SpecialQuality										DESC:Tanukimimi have a +2 racial bonus to Survival and Stealth checks.  They are sneaky and quite capable of sustaining themselves in the wilds.												BONUS:SKILL|Survival|2|TYPE=Racial		BONUS:SKILL|Stealth|2|TYPE=Racial			SOURCEPAGE:p.9
Tanuki Affinity											KEY:Tanukimimi ~ Tanuki Affinity		CATEGORY:Special Ability	TYPE:RacialTraits.Tanukimimi Racial Trait.Tanukimimi Racial Default.SpecialQuality										DESC:Tanukimimi have a +4 racial bonus to Handle Animal and wild empathy checks made to interact with tanuki and tanuki-like beasts.  All kemonomimi have affinity for their animal kin.					BONUS:SITUATION|Handle Animal=tanuki and tanuki-like beasts|4|TYPE=Racial					SOURCEPAGE:p.9
Surprising Tenacity		KEY:Tanukimimi ~ Surprising Tenacity		CATEGORY:Special Ability		TYPE:RacialTraits.Tanukimimi Racial Trait.Tanukimimi Racial Default.SpecialQuality		DEFINE:TanukimimiTempHP|0		BONUS:VAR|TanukimimiTempHP|TL+CON		DESC:Tanukimimi can gain a pool of %1 temporary hit points as a swift action once per day for up to 1 hour.|TanukimimiTempHP		SOURCEPAGE:p.9

Languages												KEY:Tanukimimi ~ Languages		CATEGORY:Special Ability	TYPE:RacialTraits.Tanukimimi Racial Trait.Tanukimimi Racial Default.Racial Language										DESC:Kemonomimi begin playing speaking Common and Sylvan.  Kemonomimi with high Intelligence scores can choose from the following languages: Catfolk, Celestial, Giant, Goblin, Tengu, and Vanara.		TEMPLATE:Race Bonus Language ~ Catfolk|Race Bonus Language ~ Celestial|Race Bonus Language ~ Giant|Race Bonus Language ~ Goblin|Race Bonus Language ~ Tengu|Race Bonus Language ~ Vanaran		AUTO:LANG|Common|Sylvan	SOURCEPAGE:p.9

Racial Traits ~ Usagimimi			CATEGORY:Internal																																				SOURCEPAGE:p.8
CATEGORY=Internal|Racial Traits ~ Usagimimi.MOD		DEFINE:Usagimimi_ReplaceAbilityScores|0		ABILITY:Usagimimi Racial Trait|AUTOMATIC|Usagimimi ~ Ability Scores|PREVAREQ:Usagimimi_ReplaceAbilityScores,0
CATEGORY=Internal|Racial Traits ~ Usagimimi.MOD		DEFINE:Usagimimi_ReplaceType|0				ABILITY:Usagimimi Racial Trait|AUTOMATIC|Usagimimi ~ Type|PREVAREQ:Usagimimi_ReplaceType,0
CATEGORY=Internal|Racial Traits ~ Usagimimi.MOD		DEFINE:Usagimimi_ReplaceSize|0				ABILITY:Usagimimi Racial Trait|AUTOMATIC|Usagimimi ~ Size|PREVAREQ:Usagimimi_ReplaceSize,0
CATEGORY=Internal|Racial Traits ~ Usagimimi.MOD		DEFINE:Usagimimi_ReplaceSpeed|0				ABILITY:Usagimimi Racial Trait|AUTOMATIC|Usagimimi ~ Speed|PREVAREQ:Usagimimi_ReplaceSpeed,0
CATEGORY=Internal|Racial Traits ~ Usagimimi.MOD		DEFINE:Usagimimi_ReplaceVision|0			ABILITY:Usagimimi Racial Trait|AUTOMATIC|Usagimimi ~ Vision|PREVAREQ:Usagimimi_ReplaceVision,0
CATEGORY=Internal|Racial Traits ~ Usagimimi.MOD		DEFINE:Usagimimi_ReplaceRacialSkills|0	ABILITY:Usagimimi Racial Trait|AUTOMATIC|Usagimimi ~ Racial Skills|PREVAREQ:Usagimimi_ReplaceRacialSkills,0
CATEGORY=Internal|Racial Traits ~ Usagimimi.MOD		DEFINE:Usagimimi_ReplaceHareAffinity|0		ABILITY:Usagimimi Racial Trait|AUTOMATIC|Usagimimi ~ Hare Affinity|PREVAREQ:Usagimimi_ReplaceHareAffinity,0
CATEGORY=Internal|Racial Traits ~ Usagimimi.MOD		DEFINE:Usagimimi_ReplaceCreativeCraftsmanship|0				ABILITY:Usagimimi Racial Trait|AUTOMATIC|Usagimimi ~ Creative Craftsmanship|PREVAREQ:Usagimimi_ReplaceCreativeCraftsmanship,0
CATEGORY=Internal|Racial Traits ~ Usagimimi.MOD		DEFINE:Usagimimi_ReplaceLanguages|0			ABILITY:Usagimimi Racial Trait|AUTOMATIC|Usagimimi ~ Languages|PREVAREQ:Usagimimi_ReplaceLanguages,0

+2 Dexterity, +2 Wisdom								KEY:Usagimimi ~ Ability Scores	CATEGORY:Special Ability	TYPE:RacialTraits.Usagimimi Racial Trait.Racial Ability Scores														DESC:Usagimimi have quick reflexes and equally fast intuition																																							BONUS:STAT|DEX|2|TYPE=Racial	BONUS:STAT|WIS|2|TYPE=Racial						SOURCEPAGE:p.10
Usagimimi												KEY:Usagimimi ~ Type				CATEGORY:Special Ability	TYPE:RacialTraits.Usagimimi Racial Trait.Usagimimi Racial Default.Racial Type											DESC:Usagimimis are humanoids with the Kemonomimi subtype.																																																								SOURCEPAGE:p.10
Medium													KEY:Usagimimi ~ Size				CATEGORY:Special Ability	TYPE:RacialTraits.Usagimimi Racial Trait.Usagimimi Racial Default.Racial Size											DESC:Usagimimis are Medium creatures and have no bonuses or penalties due to their size.																																																	SOURCEPAGE:p.10
Normal Speed											KEY:Usagimimi ~ Speed			CATEGORY:Special Ability	TYPE:RacialTraits.Usagimimi Racial Trait.Usagimimi Racial Default.Racial Speed										DESC:Usagimimis have a base speed of 30 feet.																																																											SOURCEPAGE:p.10
Low-Light Vision										KEY:Usagimimi ~ Vision			CATEGORY:Special Ability	TYPE:RacialTraits.Usagimimi Racial Trait.Usagimimi Racial Default.SpecialQuality.Extraordinary.Racial Vision.Vision	DESC:Usagimimis can see twice as far as humans in conditions of dim light.																															VISION:Low-Light Vision																SOURCEPAGE:p.10			ASPECT:Vision|Low-Light Vision
Racial Skills											KEY:Usagimimi ~ Racial Skills	CATEGORY:Special Ability	TYPE:RacialTraits.Usagimimi Racial Trait.Usagimimi Racial Default.SpecialQuality										DESC:Usagimimi have a +2 racial bonus to Craft and Profession checks.  They are industrious artisans and tradesmen.												BONUS:SKILL|TYPE.Craft|2|TYPE=Racial		BONUS:SKILL|TYPE.Profession|2|TYPE=Racial			SOURCEPAGE:p.10
Hare Affinity											KEY:Usagimimi ~ Hare Affinity		CATEGORY:Special Ability	TYPE:RacialTraits.Usagimimi Racial Trait.Usagimimi Racial Default.SpecialQuality										DESC:Usagimimi have a +4 racial bonus to Handle Animal and wild empathy checks made to interact with Small or smaller herbivores and hare-like creatures.  All kemonomimi have affinity for their animal kin.					BONUS:SITUATION|Handle Animal=herbivores and hares|4|TYPE=Racial					SOURCEPAGE:p.10
Creative Craftsmanship		KEY:Usagimimi ~ Creative Craftsmanship		CATEGORY:Special Ability		TYPE:RacialTraits.Usagimimi Racial Trait.Usagimimi Racial Default.SpecialQuality		DESC:Usagimimi gain a +1 bonus to attack rolls and skill rolls with weapons, tools, and vehicles they crafted, add a +1 bonus to caster level when using scrolls and potions they created, and reduce armor check penalty while wearing armor they made by 1.  Additionally they increase income earned with Perform and Profession skills by 10%		SOURCEPAGE:p.10
Languages												KEY:Usagimimi ~ Languages		CATEGORY:Special Ability	TYPE:RacialTraits.Usagimimi Racial Trait.Usagimimi Racial Default.Racial Language										DESC:Kemonomimi begin playing speaking Common and Sylvan.  Kemonomimi with high Intelligence scores can choose from the following languages: Catfolk, Celestial, Giant, Goblin, Tengu, and Vanara.		TEMPLATE:Race Bonus Language ~ Catfolk|Race Bonus Language ~ Celestial|Race Bonus Language ~ Giant|Race Bonus Language ~ Goblin|Race Bonus Language ~ Tengu|Race Bonus Language ~ Vanaran		AUTO:LANG|Common|Sylvan	SOURCEPAGE:p.10